
==================================================
Testing Handshake
==================================================
Success: {'agent_status': 'Ready', 'message': 'Hello, I am the Python ADK Backend (Refactored)!', 'status': 'success'}

==================================================
Testing Syllabus Mode
==================================================
Response keys: dict_keys(['data', 'status'])
Unexpected response structure: {'data': '', 'status': 'success'}

==================================================
Testing Topic Mode (Diagnostic -> Planner)
==================================================
1. Starting Diagnostic...
Response: {'message': '', 'session_id': '1ec673dd-8779-4f21-8ecf-8674cd83876a', 'status': 'diagnostic'}

2. Chatting (Session: 1ec673dd-8779-4f21-8ecf-8674cd83876a)...
User: I know the basics, like how to append and slice.
Agent (diagnostic): Data received
User: I am comfortable with list comprehensions too.
Agent (diagnostic): Data received
User: I can solve questions about memory management and complexity.
Agent (diagnostic): Data received

==================================================
Testing Lesson Generation
==================================================
Lesson Content Length: 0
Preview: 

==================================================
Testing Task Execution (Quiz)
==================================================
Feedback: 
